WARNING: A restricted method in java.lang.System has been called
WARNING: java.lang.System::load has been called by org.fusesource.jansi.internal.JansiLoader in an unnamed module (file:/C:/Users/ADMIN/.m2/wrapper/dists/apache-maven-3.9.9/8e74001100ff70d6af083c5511fcc5ec49282d7017cde82c3698eee8fdf86698/lib/jansi-2.4.1.jar)
WARNING: Use --enable-native-access=ALL-UNNAMED to avoid a warning for callers in this module
WARNING: Restricted methods will be blocked in a future release unless native access is enabled

WARNING: A terminally deprecated method in sun.misc.Unsafe has been called
WARNING: sun.misc.Unsafe::objectFieldOffset has been called by com.google.common.util.concurrent.AbstractFuture$UnsafeAtomicHelper (file:/C:/Users/ADMIN/.m2/wrapper/dists/apache-maven-3.9.9/8e74001100ff70d6af083c5511fcc5ec49282d7017cde82c3698eee8fdf86698/lib/guava-33.2.1-jre.jar)
WARNING: Please consider reporting this to the maintainers of class com.google.common.util.concurrent.AbstractFuture$UnsafeAtomicHelper
WARNING: sun.misc.Unsafe::objectFieldOffset will be removed in a future release
[INFO] Scanning for projects...
[INFO] 
[INFO] --------------------< com.shubham:product-service >---------------------
[INFO] Building product-service 1.0.0
[INFO]   from pom.xml
[INFO] --------------------------------[ jar ]---------------------------------
[INFO] 
[INFO] >>> spring-boot:3.3.3:run (default-cli) > test-compile @ product-service >>>
[INFO] 
[INFO] --- resources:3.3.1:resources (default-resources) @ product-service ---
[INFO] Copying 1 resource from src\main\resources to target\classes
[INFO] Copying 0 resource from src\main\resources to target\classes
[INFO] 
[INFO] --- compiler:3.13.0:compile (default-compile) @ product-service ---
[INFO] Nothing to compile - all classes are up to date.
[INFO] 
[INFO] --- resources:3.3.1:testResources (default-testResources) @ product-service ---
[INFO] skip non existing resourceDirectory D:\OrderPulse\product-service\src\test\resources
[INFO] 
[INFO] --- compiler:3.13.0:testCompile (default-testCompile) @ product-service ---
[INFO] No sources to compile
[INFO] 
[INFO] <<< spring-boot:3.3.3:run (default-cli) < test-compile @ product-service <<<
[INFO] 
[INFO] 
[INFO] --- spring-boot:3.3.3:run (default-cli) @ product-service ---
[INFO] Attaching agents: []

  .   ____          _            __ _ _
 /\\ / ___'_ __ _ _(_)_ __  __ _ \ \ \ \
( ( )\___ | '_ | '_| | '_ \/ _` | \ \ \ \
 \\/  ___)| |_)| | | | | || (_| |  ) ) ) )
  '  |____| .__|_| |_|_| |_\__, | / / / /
 =========|_|==============|___/=/_/_/_/

 :: Spring Boot ::                (v3.3.3)

2026-07-27T00:51:05.917+05:30  INFO 14000 --- [product-service] [           main] c.s.p.ProductServiceApplication          : Starting ProductServiceApplication using Java 25.0.3 with PID 14000 (D:\OrderPulse\product-service\target\classes started by ADMIN in D:\OrderPulse\product-service)
2026-07-27T00:51:05.922+05:30  INFO 14000 --- [product-service] [           main] c.s.p.ProductServiceApplication          : No active profile set, falling back to 1 default profile: "default"
2026-07-27T00:51:09.454+05:30  INFO 14000 --- [product-service] [           main] .s.d.r.c.RepositoryConfigurationDelegate : Bootstrapping Spring Data JPA repositories in DEFAULT mode.
2026-07-27T00:51:09.999+05:30  INFO 14000 --- [product-service] [           main] .s.d.r.c.RepositoryConfigurationDelegate : Finished Spring Data repository scanning in 513 ms. Found 1 JPA repository interface.
2026-07-27T00:51:10.767+05:30  INFO 14000 --- [product-service] [           main] o.s.cloud.context.scope.GenericScope     : BeanFactory id=f03fdf4e-1d9d-3d98-b83a-1937025d9625
2026-07-27T00:51:11.759+05:30  WARN 14000 --- [product-service] [           main] trationDelegate$BeanPostProcessorChecker : Bean 'org.springframework.cloud.client.loadbalancer.LoadBalancerAutoConfiguration$DeferringLoadBalancerInterceptorConfig' of type [org.springframework.cloud.client.loadbalancer.LoadBalancerAutoConfiguration$DeferringLoadBalancerInterceptorConfig] is not eligible for getting processed by all BeanPostProcessors (for example: not eligible for auto-proxying). The currently created BeanPostProcessor [lbRestClientPostProcessor] is declared through a non-static factory method on that class; consider declaring it as static instead.
2026-07-27T00:51:11.769+05:30  WARN 14000 --- [product-service] [           main] trationDelegate$BeanPostProcessorChecker : Bean 'deferringLoadBalancerInterceptor' of type [org.springframework.cloud.client.loadbalancer.DeferringLoadBalancerInterceptor] is not eligible for getting processed by all BeanPostProcessors (for example: not eligible for auto-proxying). Is this bean getting eagerly injected into a currently created BeanPostProcessor [lbRestClientPostProcessor]? Check the corresponding BeanPostProcessor declaration and its dependencies.
WARNING: A restricted method in java.lang.System has been called
WARNING: java.lang.System::load has been called by org.apache.tomcat.jni.Library in an unnamed module (file:/C:/Users/ADMIN/.m2/repository/org/apache/tomcat/embed/tomcat-embed-core/10.1.28/tomcat-embed-core-10.1.28.jar)
WARNING: Use --enable-native-access=ALL-UNNAMED to avoid a warning for callers in this module
WARNING: Restricted methods will be blocked in a future release unless native access is enabled

2026-07-27T00:51:12.630+05:30  INFO 14000 --- [product-service] [           main] o.s.b.w.embedded.tomcat.TomcatWebServer  : Tomcat initialized with port 8082 (http)
2026-07-27T00:51:12.662+05:30  INFO 14000 --- [product-service] [           main] o.apache.catalina.core.StandardService   : Starting service [Tomcat]
2026-07-27T00:51:12.663+05:30  INFO 14000 --- [product-service] [           main] o.apache.catalina.core.StandardEngine    : Starting Servlet engine: [Apache Tomcat/10.1.28]
2026-07-27T00:51:12.898+05:30  INFO 14000 --- [product-service] [           main] o.a.c.c.C.[Tomcat].[localhost].[/]       : Initializing Spring embedded WebApplicationContext
2026-07-27T00:51:12.900+05:30  INFO 14000 --- [product-service] [           main] w.s.c.ServletWebServerApplicationContext : Root WebApplicationContext: initialization completed in 6728 ms
2026-07-27T00:51:13.275+05:30  INFO 14000 --- [product-service] [           main] com.zaxxer.hikari.HikariDataSource       : HikariPool-1 - Starting...
2026-07-27T00:51:13.807+05:30  INFO 14000 --- [product-service] [           main] com.zaxxer.hikari.pool.HikariPool        : HikariPool-1 - Added connection conn0: url=jdbc:h2:mem:products_db user=SA
2026-07-27T00:51:13.811+05:30  INFO 14000 --- [product-service] [           main] com.zaxxer.hikari.HikariDataSource       : HikariPool-1 - Start completed.
2026-07-27T00:51:13.835+05:30  INFO 14000 --- [product-service] [           main] o.s.b.a.h2.H2ConsoleAutoConfiguration    : H2 console available at '/h2-console'. Database available at 'jdbc:h2:mem:products_db'
2026-07-27T00:51:14.386+05:30  INFO 14000 --- [product-service] [           main] o.hibernate.jpa.internal.util.LogHelper  : HHH000204: Processing PersistenceUnitInfo [name: default]
2026-07-27T00:51:14.522+05:30  INFO 14000 --- [product-service] [           main] org.hibernate.Version                    : HHH000412: Hibernate ORM core version 6.5.2.Final
2026-07-27T00:51:14.617+05:30  INFO 14000 --- [product-service] [           main] o.h.c.internal.RegionFactoryInitiator    : HHH000026: Second-level cache disabled
2026-07-27T00:51:15.514+05:30  INFO 14000 --- [product-service] [           main] o.s.o.j.p.SpringPersistenceUnitInfo      : No LoadTimeWeaver setup: ignoring JPA class transformer
2026-07-27T00:51:17.665+05:30  INFO 14000 --- [product-service] [           main] o.h.e.t.j.p.i.JtaPlatformInitiator       : HHH000489: No JTA platform available (set 'hibernate.transaction.jta.platform' to enable JTA platform integration)
Hibernate: create table products (id bigint generated by default as identity, description varchar(255), name varchar(255) not null, price numeric(38,2) not null, quantity integer not null, primary key (id))
2026-07-27T00:51:17.811+05:30  INFO 14000 --- [product-service] [           main] j.LocalContainerEntityManagerFactoryBean : Initialized JPA EntityManagerFactory for persistence unit 'default'
2026-07-27T00:51:18.644+05:30  WARN 14000 --- [product-service] [           main] JpaBaseConfiguration$JpaWebConfiguration : spring.jpa.open-in-view is enabled by default. Therefore, database queries may be performed during view rendering. Explicitly configure spring.jpa.open-in-view to disable this warning
2026-07-27T00:51:20.824+05:30  INFO 14000 --- [product-service] [           main] DiscoveryClientOptionalArgsConfiguration : Eureka HTTP Client uses RestTemplate.
2026-07-27T00:51:21.211+05:30  INFO 14000 --- [product-service] [           main] o.s.b.a.e.web.EndpointLinksResolver      : Exposing 4 endpoints beneath base path '/actuator'
2026-07-27T00:51:21.471+05:30  INFO 14000 --- [product-service] [           main] o.s.b.w.embedded.tomcat.TomcatWebServer  : Tomcat started on port 8082 (http) with context path '/'
2026-07-27T00:51:21.504+05:30  INFO 14000 --- [product-service] [           main] c.s.p.ProductServiceApplication          : Started ProductServiceApplication in 19.166 seconds (process running for 22.693)
2026-07-27T00:51:38.223+05:30  INFO 14000 --- [product-service] [nio-8082-exec-1] o.a.c.c.C.[Tomcat].[localhost].[/]       : Initializing Spring DispatcherServlet 'dispatcherServlet'
2026-07-27T00:51:38.224+05:30  INFO 14000 --- [product-service] [nio-8082-exec-1] o.s.web.servlet.DispatcherServlet        : Initializing Servlet 'dispatcherServlet'
2026-07-27T00:51:38.226+05:30  INFO 14000 --- [product-service] [nio-8082-exec-1] o.s.web.servlet.DispatcherServlet        : Completed initialization in 2 ms
Hibernate: insert into products (description,name,price,quantity,id) values (?,?,?,?,default)
Hibernate: select p1_0.id,p1_0.description,p1_0.name,p1_0.price,p1_0.quantity from products p1_0
Hibernate: select p1_0.id,p1_0.description,p1_0.name,p1_0.price,p1_0.quantity from products p1_0 where p1_0.id=?
Hibernate: update products set description=?,name=?,price=?,quantity=? where id=?
Hibernate: select p1_0.id,p1_0.description,p1_0.name,p1_0.price,p1_0.quantity from products p1_0 where p1_0.id=?
Hibernate: update products set description=?,name=?,price=?,quantity=? where id=?
Hibernate: select p1_0.id,p1_0.description,p1_0.name,p1_0.price,p1_0.quantity from products p1_0 where p1_0.id=?
Hibernate: update products set description=?,name=?,price=?,quantity=? where id=?
Hibernate: select p1_0.id,p1_0.description,p1_0.name,p1_0.price,p1_0.quantity from products p1_0 where p1_0.id=?
Hibernate: update products set description=?,name=?,price=?,quantity=? where id=?
Hibernate: select p1_0.id,p1_0.description,p1_0.name,p1_0.price,p1_0.quantity from products p1_0 where p1_0.id=?
Hibernate: update products set description=?,name=?,price=?,quantity=? where id=?
Hibernate: select p1_0.id,p1_0.description,p1_0.name,p1_0.price,p1_0.quantity from products p1_0 where p1_0.id=?
Hibernate: select p1_0.id,p1_0.description,p1_0.name,p1_0.price,p1_0.quantity from products p1_0
Hibernate: select p1_0.id,p1_0.description,p1_0.name,p1_0.price,p1_0.quantity from products p1_0
